// Jest Snapshot v1, https://goo.gl/fbAQLP

exports[`The footer render correctyly 1`] = `
<footer>
  <div
    className="container"
  >
    <a
      className="logo-font"
      href="/"
    >
      conduit
    </a>
    <span
      className="attribution"
    >
      An interactive learning project from
       
      <a
        href="https://thinkster.io"
      >
        Thinkster
      </a>
      . Code & design licensed under MIT.
    </span>
  </div>
</footer>
`;
