// Jest Snapshot v1, https://goo.gl/fbAQLP

exports[`The header render correctly 1`] = `
<nav
  className="navbar navbar-light"
>
  <div
    className="container"
  >
    <a
      className="navbar-brand"
      href="index.html"
    >
      conduit
    </a>
    <ul
      className="nav navbar-nav pull-xs-right"
    >
      <li
        className="nav-item"
      >
        <a
          className="nav-link active"
          href="/"
        >
          Home
        </a>
      </li>
      <li
        className="nav-item"
      >
        <a
          className="nav-link"
          href="/"
        >
          <i
            className="ion-compose"
          />
           New Post
        </a>
      </li>
      <li
        className="nav-item"
      >
        <a
          className="nav-link"
          href="/"
        >
          <i
            className="ion-gear-a"
          />
           Settings
        </a>
      </li>
      <li
        className="nav-item"
      >
        <a
          className="nav-link"
          href="/"
        >
          Sign up
        </a>
      </li>
    </ul>
  </div>
</nav>
`;
